// Jest Snapshot v1, https://goo.gl/fbAQLP

exports[`App component matches snapshot 1`] = `
<div
  className="container"
>
  <div
    className="row justify-content-center"
  >
    <div
      className="col-sm-12 col-md-6"
    >
      <h1
        className="text-center"
      >
        Counter
      </h1>
      <div
        className="card text-center"
      >
        <Counter
          counter={0}
        />
        <Controls
          onDecrease={[Function]}
          onIncrease={[Function]}
          onReset={[Function]}
        />
      </div>
    </div>
  </div>
</div>
`;
