// Jest Snapshot v1, https://goo.gl/fbAQLP

exports[`Counter component should match snapshot 1`] = `
<div
  className="card-body"
>
  <p
    className="counter"
    style={
      Object {
        "fontSize": "500%",
      }
    }
  >
    0
  </p>
</div>
`;
